{"asctime": "2026-02-26 23:20:38,111", "levelname": "INFO", "message": "", "url": "/users/login", "method": "POST", "process_time": 5.395232677459717, "taskName": "starlette.middleware.base.BaseHTTPMiddleware.__call__.<locals>.call_next.<locals>.coro"}
{"asctime": "2026-02-26 23:20:57,087", "levelname": "INFO", "message": "", "url": "/users/login", "method": "POST", "process_time": 0.8676869869232178, "taskName": "starlette.middleware.base.BaseHTTPMiddleware.__call__.<locals>.call_next.<locals>.coro"}
{"asctime": "2026-02-26 23:32:53,736", "levelname": "INFO", "message": "", "url": "/users/login", "method": "POST", "process_time": 1.1738355159759521, "taskName": "starlette.middleware.base.BaseHTTPMiddleware.__call__.<locals>.call_next.<locals>.coro"}
{"asctime": "2026-02-26 23:35:10,309", "levelname": "INFO", "message": "", "url": "/users/logout", "method": "POST", "process_time": 0.005150318145751953, "taskName": "starlette.middleware.base.BaseHTTPMiddleware.__call__.<locals>.call_next.<locals>.coro"}
{"asctime": "2026-02-26 23:35:10,332", "levelname": "INFO", "message": "", "url": "/users/refresh", "method": "POST", "process_time": 0.003186464309692383, "taskName": "starlette.middleware.base.BaseHTTPMiddleware.__call__.<locals>.call_next.<locals>.coro"}
{"asctime": "2026-02-26 23:35:45,937", "levelname": "INFO", "message": "", "url": "/users/register", "method": "POST", "process_time": 11.609144687652588, "taskName": "starlette.middleware.base.BaseHTTPMiddleware.__call__.<locals>.call_next.<locals>.coro"}
{"asctime": "2026-02-26 23:36:00,795", "levelname": "INFO", "message": "", "url": "/users/register", "method": "POST", "process_time": 0.00602269172668457, "taskName": "starlette.middleware.base.BaseHTTPMiddleware.__call__.<locals>.call_next.<locals>.coro"}
{"asctime": "2026-02-26 23:36:40,779", "levelname": "INFO", "message": "", "url": "/users/register", "method": "POST", "process_time": 0.12387847900390625, "taskName": "starlette.middleware.base.BaseHTTPMiddleware.__call__.<locals>.call_next.<locals>.coro"}
{"asctime": "2026-02-26 23:36:59,060", "levelname": "INFO", "message": "", "url": "/users/register", "method": "POST", "process_time": 0.09332966804504395, "taskName": "starlette.middleware.base.BaseHTTPMiddleware.__call__.<locals>.call_next.<locals>.coro"}
{"asctime": "2026-02-26 23:37:06,720", "levelname": "INFO", "message": "", "url": "/users/register", "method": "POST", "process_time": 0.10688328742980957, "taskName": "starlette.middleware.base.BaseHTTPMiddleware.__call__.<locals>.call_next.<locals>.coro"}
{"asctime": "2026-02-26 23:56:10,270", "levelname": "INFO", "message": "", "url": "/users/register", "method": "POST", "process_time": 0.39104318618774414, "taskName": "starlette.middleware.base.BaseHTTPMiddleware.__call__.<locals>.call_next.<locals>.coro"}
{"asctime": "2026-02-26 23:58:32,366", "levelname": "INFO", "message": "", "url": "/users/register", "method": "POST", "process_time": 0.0037848949432373047, "taskName": "starlette.middleware.base.BaseHTTPMiddleware.__call__.<locals>.call_next.<locals>.coro"}
{"asctime": "2026-02-26 23:59:48,798", "levelname": "INFO", "message": "", "url": "/users/register", "method": "POST", "process_time": 0.0049419403076171875, "taskName": "starlette.middleware.base.BaseHTTPMiddleware.__call__.<locals>.call_next.<locals>.coro"}
{"asctime": "2026-02-27 00:00:12,943", "levelname": "INFO", "message": "", "url": "/users/register", "method": "POST", "process_time": 0.012004375457763672, "taskName": "starlette.middleware.base.BaseHTTPMiddleware.__call__.<locals>.call_next.<locals>.coro"}
{"asctime": "2026-02-27 00:02:48,514", "levelname": "INFO", "message": "", "url": "/users/register", "method": "POST", "process_time": 0.01613330841064453, "taskName": "starlette.middleware.base.BaseHTTPMiddleware.__call__.<locals>.call_next.<locals>.coro"}
{"asctime": "2026-02-27 00:05:12,213", "levelname": "INFO", "message": "", "url": "/users/register", "method": "POST", "process_time": 2.10068941116333, "taskName": "starlette.middleware.base.BaseHTTPMiddleware.__call__.<locals>.call_next.<locals>.coro"}
{"asctime": "2026-02-27 00:13:25,916", "levelname": "INFO", "message": "", "url": "/users/register", "method": "POST", "process_time": 1.1142833232879639, "taskName": "starlette.middleware.base.BaseHTTPMiddleware.__call__.<locals>.call_next.<locals>.coro"}
{"asctime": "2026-02-27 00:13:34,553", "levelname": "INFO", "message": "", "url": "/users/register", "method": "POST", "process_time": 0.6215684413909912, "taskName": "starlette.middleware.base.BaseHTTPMiddleware.__call__.<locals>.call_next.<locals>.coro"}
{"asctime": "2026-02-27 00:13:43,468", "levelname": "INFO", "message": "", "url": "/users/register", "method": "POST", "process_time": 0.7018139362335205, "taskName": "starlette.middleware.base.BaseHTTPMiddleware.__call__.<locals>.call_next.<locals>.coro"}
{"asctime": "2026-02-27 00:15:27,893", "levelname": "INFO", "message": "", "url": "/users/register", "method": "POST", "process_time": 0.36490511894226074, "taskName": "starlette.middleware.base.BaseHTTPMiddleware.__call__.<locals>.call_next.<locals>.coro"}
{"asctime": "2026-02-27 00:15:40,682", "levelname": "INFO", "message": "", "url": "/users/register", "method": "POST", "process_time": 0.46586060523986816, "taskName": "starlette.middleware.base.BaseHTTPMiddleware.__call__.<locals>.call_next.<locals>.coro"}
{"asctime": "2026-02-27 00:22:57,471", "levelname": "INFO", "message": "", "url": "/users/register", "method": "POST", "process_time": 2.3486881256103516, "taskName": "starlette.middleware.base.BaseHTTPMiddleware.__call__.<locals>.call_next.<locals>.coro"}
{"asctime": "2026-02-27 00:23:17,104", "levelname": "INFO", "message": "", "url": "/users/register", "method": "POST", "process_time": 8.891572952270508, "taskName": "starlette.middleware.base.BaseHTTPMiddleware.__call__.<locals>.call_next.<locals>.coro"}
{"asctime": "2026-02-27 00:27:14,488", "levelname": "INFO", "message": "", "url": "/users/register", "method": "POST", "process_time": 4.675550937652588, "taskName": "starlette.middleware.base.BaseHTTPMiddleware.__call__.<locals>.call_next.<locals>.coro"}
{"asctime": "2026-02-27 00:27:39,221", "levelname": "INFO", "message": "", "url": "/users/register", "method": "GET", "process_time": 0.0032281875610351562, "taskName": "starlette.middleware.base.BaseHTTPMiddleware.__call__.<locals>.call_next.<locals>.coro"}
{"asctime": "2026-02-27 00:27:43,828", "levelname": "INFO", "message": "", "url": "/users/register", "method": "GET", "process_time": 0.0, "taskName": "starlette.middleware.base.BaseHTTPMiddleware.__call__.<locals>.call_next.<locals>.coro"}
{"asctime": "2026-02-27 00:29:41,296", "levelname": "INFO", "message": "", "url": "/users/register", "method": "POST", "process_time": 2.8894665241241455, "taskName": "starlette.middleware.base.BaseHTTPMiddleware.__call__.<locals>.call_next.<locals>.coro"}
{"asctime": "2026-02-27 00:31:14,804", "levelname": "INFO", "message": "", "url": "/users/register", "method": "POST", "process_time": 2.568021297454834, "taskName": "starlette.middleware.base.BaseHTTPMiddleware.__call__.<locals>.call_next.<locals>.coro"}
{"asctime": "2026-02-27 00:31:58,460", "levelname": "INFO", "message": "", "url": "/users/register", "method": "POST", "process_time": 5.798726797103882, "taskName": "starlette.middleware.base.BaseHTTPMiddleware.__call__.<locals>.call_next.<locals>.coro"}
{"asctime": "2026-02-27 00:32:20,141", "levelname": "INFO", "message": "", "url": "/users/register", "method": "POST", "process_time": 3.4589459896087646, "taskName": "starlette.middleware.base.BaseHTTPMiddleware.__call__.<locals>.call_next.<locals>.coro"}
{"asctime": "2026-02-27 00:36:09,466", "levelname": "INFO", "message": "", "url": "/users/register", "method": "POST", "process_time": 4.880480527877808, "taskName": "starlette.middleware.base.BaseHTTPMiddleware.__call__.<locals>.call_next.<locals>.coro"}
{"asctime": "2026-02-27 00:36:24,999", "levelname": "INFO", "message": "", "url": "/users/register", "method": "POST", "process_time": 3.341665506362915, "taskName": "starlette.middleware.base.BaseHTTPMiddleware.__call__.<locals>.call_next.<locals>.coro"}
{"asctime": "2026-02-27 00:37:28,589", "levelname": "INFO", "message": "", "url": "/users/register", "method": "POST", "process_time": 1.9850404262542725, "taskName": "starlette.middleware.base.BaseHTTPMiddleware.__call__.<locals>.call_next.<locals>.coro"}
{"asctime": "2026-02-27 00:47:08,503", "levelname": "INFO", "message": "", "url": "/users/register", "method": "POST", "process_time": 0.9973106384277344, "taskName": "starlette.middleware.base.BaseHTTPMiddleware.__call__.<locals>.call_next.<locals>.coro"}
{"asctime": "2026-02-27 00:47:45,976", "levelname": "INFO", "message": "", "url": "/users/login", "method": "POST", "process_time": 0.5209143161773682, "taskName": "starlette.middleware.base.BaseHTTPMiddleware.__call__.<locals>.call_next.<locals>.coro"}
{"asctime": "2026-02-27 00:48:04,302", "levelname": "INFO", "message": "", "url": "/users/logout", "method": "POST", "process_time": 0.0010001659393310547, "taskName": "starlette.middleware.base.BaseHTTPMiddleware.__call__.<locals>.call_next.<locals>.coro"}
{"asctime": "2026-02-27 00:48:04,319", "levelname": "INFO", "message": "", "url": "/users/refresh", "method": "POST", "process_time": 0.0019991397857666016, "taskName": "starlette.middleware.base.BaseHTTPMiddleware.__call__.<locals>.call_next.<locals>.coro"}
{"asctime": "2026-02-27 09:36:34,974", "levelname": "INFO", "message": "", "url": "/", "method": "GET", "process_time": 0.0013642311096191406, "taskName": "starlette.middleware.base.BaseHTTPMiddleware.__call__.<locals>.call_next.<locals>.coro"}
{"asctime": "2026-02-27 09:37:34,874", "levelname": "INFO", "message": "", "url": "/users/login", "method": "POST", "process_time": 2.1358320713043213, "taskName": "starlette.middleware.base.BaseHTTPMiddleware.__call__.<locals>.call_next.<locals>.coro"}
{"asctime": "2026-02-27 09:37:40,355", "levelname": "INFO", "message": "", "url": "/users/logout", "method": "POST", "process_time": 0.2889871597290039, "taskName": "starlette.middleware.base.BaseHTTPMiddleware.__call__.<locals>.call_next.<locals>.coro"}
{"asctime": "2026-02-27 09:51:17,144", "levelname": "INFO", "message": "", "url": "/users/login", "method": "POST", "process_time": 7.18670392036438, "taskName": "starlette.middleware.base.BaseHTTPMiddleware.__call__.<locals>.call_next.<locals>.coro"}
{"asctime": "2026-02-27 09:51:31,045", "levelname": "INFO", "message": "", "url": "/users/logout", "method": "POST", "process_time": 0.0019996166229248047, "taskName": "starlette.middleware.base.BaseHTTPMiddleware.__call__.<locals>.call_next.<locals>.coro"}
{"asctime": "2026-02-27 09:51:31,082", "levelname": "INFO", "message": "", "url": "/users/refresh", "method": "POST", "process_time": 0.0023984909057617188, "taskName": "starlette.middleware.base.BaseHTTPMiddleware.__call__.<locals>.call_next.<locals>.coro"}
{"asctime": "2026-02-27 09:55:30,949", "levelname": "INFO", "message": "", "url": "/users/login", "method": "POST", "process_time": 0.8486440181732178, "taskName": "starlette.middleware.base.BaseHTTPMiddleware.__call__.<locals>.call_next.<locals>.coro"}
{"asctime": "2026-02-27 09:55:34,749", "levelname": "INFO", "message": "", "url": "/users/logout", "method": "POST", "process_time": 0.036502838134765625, "taskName": "starlette.middleware.base.BaseHTTPMiddleware.__call__.<locals>.call_next.<locals>.coro"}
{"asctime": "2026-02-27 10:01:14,452", "levelname": "INFO", "message": "", "url": "/users/login", "method": "POST", "process_time": 0.404599666595459, "taskName": "starlette.middleware.base.BaseHTTPMiddleware.__call__.<locals>.call_next.<locals>.coro"}
{"asctime": "2026-02-27 11:11:45,719", "levelname": "INFO", "message": "", "url": "/users/login", "method": "POST", "process_time": 0.7441730499267578, "taskName": "starlette.middleware.base.BaseHTTPMiddleware.__call__.<locals>.call_next.<locals>.coro"}
{"asctime": "2026-02-27 11:18:42,935", "levelname": "INFO", "message": "", "url": "/", "method": "GET", "process_time": 0.020438671112060547, "taskName": "starlette.middleware.base.BaseHTTPMiddleware.__call__.<locals>.call_next.<locals>.coro"}
{"asctime": "2026-02-27 11:19:04,348", "levelname": "INFO", "message": "", "url": "/users/logout", "method": "POST", "process_time": 0.03595685958862305, "taskName": "starlette.middleware.base.BaseHTTPMiddleware.__call__.<locals>.call_next.<locals>.coro"}
{"asctime": "2026-02-27 11:19:18,757", "levelname": "INFO", "message": "", "url": "/users/login", "method": "POST", "process_time": 0.3515615463256836, "taskName": "starlette.middleware.base.BaseHTTPMiddleware.__call__.<locals>.call_next.<locals>.coro"}
{"asctime": "2026-02-27 11:20:38,972", "levelname": "INFO", "message": "", "url": "/docs", "method": "GET", "process_time": 0.0010013580322265625, "taskName": "starlette.middleware.base.BaseHTTPMiddleware.__call__.<locals>.call_next.<locals>.coro"}
{"asctime": "2026-02-27 11:20:43,705", "levelname": "INFO", "message": "", "url": "/openapi.json", "method": "GET", "process_time": 0.15217065811157227, "taskName": "starlette.middleware.base.BaseHTTPMiddleware.__call__.<locals>.call_next.<locals>.coro"}
{"asctime": "2026-02-27 11:38:03,520", "levelname": "INFO", "message": "", "url": "/docs", "method": "GET", "process_time": 0.001003265380859375, "taskName": "starlette.middleware.base.BaseHTTPMiddleware.__call__.<locals>.call_next.<locals>.coro"}
{"asctime": "2026-02-27 11:38:08,926", "levelname": "INFO", "message": "", "url": "/docs", "method": "GET", "process_time": 0.0, "taskName": "starlette.middleware.base.BaseHTTPMiddleware.__call__.<locals>.call_next.<locals>.coro"}
{"asctime": "2026-02-27 11:38:09,023", "levelname": "INFO", "message": "", "url": "/openapi.json", "method": "GET", "process_time": 0.00730443000793457, "taskName": "starlette.middleware.base.BaseHTTPMiddleware.__call__.<locals>.call_next.<locals>.coro"}
{"asctime": "2026-02-27 11:40:55,875", "levelname": "INFO", "message": "", "url": "/api/v1/users/login", "method": "POST", "process_time": 0.28464818000793457, "taskName": "starlette.middleware.base.BaseHTTPMiddleware.__call__.<locals>.call_next.<locals>.coro"}
{"asctime": "2026-02-27 11:41:27,839", "levelname": "INFO", "message": "", "url": "/api/v1/docs", "method": "GET", "process_time": 0.0, "taskName": "starlette.middleware.base.BaseHTTPMiddleware.__call__.<locals>.call_next.<locals>.coro"}
{"asctime": "2026-02-27 11:41:31,420", "levelname": "INFO", "message": "", "url": "/api/v1/docs", "method": "GET", "process_time": 0.0, "taskName": "starlette.middleware.base.BaseHTTPMiddleware.__call__.<locals>.call_next.<locals>.coro"}
{"asctime": "2026-02-27 11:41:40,949", "levelname": "INFO", "message": "", "url": "/api/v1/docs", "method": "GET", "process_time": 0.0010333061218261719, "taskName": "starlette.middleware.base.BaseHTTPMiddleware.__call__.<locals>.call_next.<locals>.coro"}
{"asctime": "2026-02-27 11:41:42,265", "levelname": "INFO", "message": "", "url": "/api/v1/docs", "method": "GET", "process_time": 0.0, "taskName": "starlette.middleware.base.BaseHTTPMiddleware.__call__.<locals>.call_next.<locals>.coro"}
{"asctime": "2026-02-27 11:41:43,254", "levelname": "INFO", "message": "", "url": "/api/v1/docs", "method": "GET", "process_time": 0.0, "taskName": "starlette.middleware.base.BaseHTTPMiddleware.__call__.<locals>.call_next.<locals>.coro"}
{"asctime": "2026-02-27 11:42:14,274", "levelname": "INFO", "message": "", "url": "/api/v1/users/logout", "method": "POST", "process_time": 0.11457180976867676, "taskName": "starlette.middleware.base.BaseHTTPMiddleware.__call__.<locals>.call_next.<locals>.coro"}
{"asctime": "2026-02-27 11:42:21,896", "levelname": "INFO", "message": "", "url": "/api/v1/users/login", "method": "POST", "process_time": 0.2663540840148926, "taskName": "starlette.middleware.base.BaseHTTPMiddleware.__call__.<locals>.call_next.<locals>.coro"}
{"asctime": "2026-02-27 11:42:46,051", "levelname": "INFO", "message": "", "url": "/docs", "method": "GET", "process_time": 0.0010235309600830078, "taskName": "starlette.middleware.base.BaseHTTPMiddleware.__call__.<locals>.call_next.<locals>.coro"}
{"asctime": "2026-02-27 11:42:46,725", "levelname": "INFO", "message": "", "url": "/openapi.json", "method": "GET", "process_time": 0.003998994827270508, "taskName": "starlette.middleware.base.BaseHTTPMiddleware.__call__.<locals>.call_next.<locals>.coro"}
{"asctime": "2026-02-27 11:51:49,440", "levelname": "INFO", "message": "", "url": "/docs", "method": "GET", "process_time": 0.021249771118164062, "taskName": "starlette.middleware.base.BaseHTTPMiddleware.__call__.<locals>.call_next.<locals>.coro"}
{"asctime": "2026-02-27 11:51:54,096", "levelname": "INFO", "message": "", "url": "/openapi.json", "method": "GET", "process_time": 0.010567665100097656, "taskName": "starlette.middleware.base.BaseHTTPMiddleware.__call__.<locals>.call_next.<locals>.coro"}
{"asctime": "2026-02-27 15:20:50,648", "levelname": "INFO", "message": "", "url": "/", "method": "GET", "process_time": 0.0010273456573486328, "taskName": "starlette.middleware.base.BaseHTTPMiddleware.__call__.<locals>.call_next.<locals>.coro"}
{"asctime": "2026-02-27 15:20:53,946", "levelname": "INFO", "message": "", "url": "/docs", "method": "GET", "process_time": 0.0009286403656005859, "taskName": "starlette.middleware.base.BaseHTTPMiddleware.__call__.<locals>.call_next.<locals>.coro"}
{"asctime": "2026-02-27 15:20:54,089", "levelname": "INFO", "message": "", "url": "/openapi.json", "method": "GET", "process_time": 0.011827468872070312, "taskName": "starlette.middleware.base.BaseHTTPMiddleware.__call__.<locals>.call_next.<locals>.coro"}
{"asctime": "2026-02-27 15:28:24,634", "levelname": "INFO", "message": "", "url": "/docs", "method": "GET", "process_time": 0.010075807571411133, "taskName": "starlette.middleware.base.BaseHTTPMiddleware.__call__.<locals>.call_next.<locals>.coro"}
{"asctime": "2026-02-27 15:28:35,320", "levelname": "INFO", "message": "", "url": "/docs", "method": "GET", "process_time": 0.002019643783569336, "taskName": "starlette.middleware.base.BaseHTTPMiddleware.__call__.<locals>.call_next.<locals>.coro"}
{"asctime": "2026-02-27 15:28:35,394", "levelname": "INFO", "message": "", "url": "/openapi.json", "method": "GET", "process_time": 0.008517980575561523, "taskName": "starlette.middleware.base.BaseHTTPMiddleware.__call__.<locals>.call_next.<locals>.coro"}
{"asctime": "2026-02-27 15:28:41,035", "levelname": "INFO", "message": "", "url": "/api/v1/users/auth/me", "method": "GET", "process_time": 0.0020096302032470703, "taskName": "starlette.middleware.base.BaseHTTPMiddleware.__call__.<locals>.call_next.<locals>.coro"}
{"asctime": "2026-02-27 15:32:55,993", "levelname": "INFO", "message": "", "url": "/api/v1/users/auth/me", "method": "GET", "process_time": 0.0010035037994384766, "taskName": "starlette.middleware.base.BaseHTTPMiddleware.__call__.<locals>.call_next.<locals>.coro"}
{"asctime": "2026-02-27 15:33:19,593", "levelname": "INFO", "message": "", "url": "/api/v1/users/login", "method": "POST", "process_time": 0.33792805671691895, "taskName": "starlette.middleware.base.BaseHTTPMiddleware.__call__.<locals>.call_next.<locals>.coro"}
{"asctime": "2026-02-27 15:39:23,307", "levelname": "INFO", "message": "", "url": "/api/v1/users/login", "method": "POST", "process_time": 0.268202543258667, "taskName": "starlette.middleware.base.BaseHTTPMiddleware.__call__.<locals>.call_next.<locals>.coro"}
{"asctime": "2026-02-27 15:39:27,999", "levelname": "INFO", "message": "", "url": "/api/v1/users/auth/me", "method": "GET", "process_time": 0.014552593231201172, "taskName": "starlette.middleware.base.BaseHTTPMiddleware.__call__.<locals>.call_next.<locals>.coro"}
{"asctime": "2026-02-27 15:43:55,580", "levelname": "INFO", "message": "", "url": "/api/v1/users/refresh", "method": "POST", "process_time": 0.02419304847717285, "taskName": "starlette.middleware.base.BaseHTTPMiddleware.__call__.<locals>.call_next.<locals>.coro"}
{"asctime": "2026-02-27 15:45:35,664", "levelname": "INFO", "message": "", "url": "/api/v1/users/auth/me", "method": "GET", "process_time": 0.0009992122650146484, "taskName": "starlette.middleware.base.BaseHTTPMiddleware.__call__.<locals>.call_next.<locals>.coro"}
{"asctime": "2026-02-27 15:45:40,950", "levelname": "INFO", "message": "", "url": "/api/v1/users/login", "method": "POST", "process_time": 0.14908862113952637, "taskName": "starlette.middleware.base.BaseHTTPMiddleware.__call__.<locals>.call_next.<locals>.coro"}
{"asctime": "2026-02-27 15:45:47,250", "levelname": "INFO", "message": "", "url": "/api/v1/users/auth/me", "method": "GET", "process_time": 0.003016233444213867, "taskName": "starlette.middleware.base.BaseHTTPMiddleware.__call__.<locals>.call_next.<locals>.coro"}
